Analysis & Synthesis report for LightCycles
Fri Jul 25 03:46:24 2008
Quartus II Version 8.0 Build 215 05/29/2008 SJ Web Edition


---------------------
; Table of Contents ;
---------------------
  1. Legal Notice
  2. Analysis & Synthesis Summary
  3. Analysis & Synthesis Settings
  4. Analysis & Synthesis Source Files Read
  5. Analysis & Synthesis Resource Usage Summary
  6. Analysis & Synthesis Resource Utilization by Entity
  7. Analysis & Synthesis RAM Summary
  8. State Machine - |LightCycles|keyboard:keyboard_entity|state
  9. State Machine - |LightCycles|crash_detect:player2_crash_detect|state
 10. State Machine - |LightCycles|crash_detect:player1_crash_detect|state
 11. State Machine - |LightCycles|player_velocity_control:player2_velocity|speed:speedal|State
 12. State Machine - |LightCycles|player_velocity_control:player1_velocity|speed:speedal|State
 13. State Machine - |LightCycles|game_control:gameplay|state
 14. Logic Cells Representing Combinational Loops
 15. Registers Removed During Synthesis
 16. General Register Statistics
 17. Inverted Register Statistics
 18. Multiplexer Restructuring Statistics (Restructuring Performed)
 19. Source assignments for keyboard:keyboard_entity|reg_11:regA|altshift_taps:reg_value_rtl_0|shift_taps_kvm:auto_generated|altsyncram_upa1:altsyncram2
 20. Source assignments for keyboard:keyboard_entity|reg_11:regA|altshift_taps:reg_value_rtl_1|shift_taps_jvm:auto_generated|altsyncram_3161:altsyncram4
 21. Parameter Settings for Inferred Entity Instance: keyboard:keyboard_entity|reg_11:regA|altshift_taps:reg_value_rtl_0
 22. Parameter Settings for Inferred Entity Instance: keyboard:keyboard_entity|reg_11:regA|altshift_taps:reg_value_rtl_1
 23. altshift_taps Parameter Settings by Entity Instance
 24. Analysis & Synthesis Messages



----------------
; Legal Notice ;
----------------
Copyright (C) 1991-2008 Altera Corporation
Your use of Altera Corporation's design tools, logic functions 
and other software and tools, and its AMPP partner logic 
functions, and any output files from any of the foregoing 
(including device programming or simulation files), and any 
associated documentation or information are expressly subject 
to the terms and conditions of the Altera Program License 
Subscription Agreement, Altera MegaCore Function License 
Agreement, or other applicable license agreement, including, 
without limitation, that your use is for the sole purpose of 
programming logic devices manufactured by Altera and sold by 
Altera or its authorized distributors.  Please refer to the 
applicable agreement for further details.



+------------------------------------------------------------------------------+
; Analysis & Synthesis Summary                                                 ;
+------------------------------------+-----------------------------------------+
; Analysis & Synthesis Status        ; Successful - Fri Jul 25 03:46:23 2008   ;
; Quartus II Version                 ; 8.0 Build 215 05/29/2008 SJ Web Edition ;
; Revision Name                      ; LightCycles                             ;
; Top-level Entity Name              ; LightCycles                             ;
; Family                             ; Cyclone II                              ;
; Total logic elements               ; 29,633                                  ;
;     Total combinational functions  ; 29,633                                  ;
;     Dedicated logic registers      ; 4,400                                   ;
; Total registers                    ; 4400                                    ;
; Total pins                         ; 68                                      ;
; Total virtual pins                 ; 0                                       ;
; Total memory bits                  ; 5                                       ;
; Embedded Multiplier 9-bit elements ; 0                                       ;
; Total PLLs                         ; 0                                       ;
+------------------------------------+-----------------------------------------+


+--------------------------------------------------------------------------------------------------------+
; Analysis & Synthesis Settings                                                                          ;
+--------------------------------------------------------------+--------------------+--------------------+
; Option                                                       ; Setting            ; Default Value      ;
+--------------------------------------------------------------+--------------------+--------------------+
; Device                                                       ; EP2C35F672C6       ;                    ;
; Top-level entity name                                        ; LightCycles        ; LightCycles        ;
; Family name                                                  ; Cyclone II         ; Stratix II         ;
; Use smart compilation                                        ; On                 ; Off                ;
; Restructure Multiplexers                                     ; On                 ; Auto               ;
; State Machine Processing                                     ; Minimal Bits       ; Auto               ;
; Remove Redundant Logic Cells                                 ; On                 ; Off                ;
; Ignore CASCADE Buffers                                       ; On                 ; Off                ;
; Ignore LCELL Buffers                                         ; On                 ; Off                ;
; Optimization Technique                                       ; Area               ; Balanced           ;
; Perform WYSIWYG Primitive Resynthesis                        ; On                 ; Off                ;
; Use Generated Physical Constraints File                      ; Off                ;                    ;
; Auto Shift Register Replacement                              ; Always             ; Auto               ;
; Allow Any RAM Size For Recognition                           ; On                 ; Off                ;
; Allow Any ROM Size For Recognition                           ; On                 ; Off                ;
; Allow Any Shift Register Size For Recognition                ; On                 ; Off                ;
; HDL message level                                            ; Level3             ; Level2             ;
; Maximum processors allowed for parallel compilation          ; 1                  ; 1                  ;
; Create Debugging Nodes for IP Cores                          ; Off                ; Off                ;
; Preserve fewer node names                                    ; On                 ; On                 ;
; Disable OpenCore Plus hardware evaluation                    ; Off                ; Off                ;
; Verilog Version                                              ; Verilog_2001       ; Verilog_2001       ;
; VHDL Version                                                 ; VHDL93             ; VHDL93             ;
; Safe State Machine                                           ; Off                ; Off                ;
; Extract Verilog State Machines                               ; On                 ; On                 ;
; Extract VHDL State Machines                                  ; On                 ; On                 ;
; Ignore Verilog initial constructs                            ; Off                ; Off                ;
; Iteration limit for constant Verilog loops                   ; 5000               ; 5000               ;
; Iteration limit for non-constant Verilog loops               ; 250                ; 250                ;
; Add Pass-Through Logic to Inferred RAMs                      ; On                 ; On                 ;
; Parallel Synthesis                                           ; Off                ; Off                ;
; DSP Block Balancing                                          ; Auto               ; Auto               ;
; NOT Gate Push-Back                                           ; On                 ; On                 ;
; Power-Up Don't Care                                          ; On                 ; On                 ;
; Remove Duplicate Registers                                   ; On                 ; On                 ;
; Ignore CARRY Buffers                                         ; Off                ; Off                ;
; Ignore GLOBAL Buffers                                        ; Off                ; Off                ;
; Ignore ROW GLOBAL Buffers                                    ; Off                ; Off                ;
; Ignore SOFT Buffers                                          ; On                 ; On                 ;
; Limit AHDL Integers to 32 Bits                               ; Off                ; Off                ;
; Carry Chain Length                                           ; 70                 ; 70                 ;
; Auto Carry Chains                                            ; On                 ; On                 ;
; Auto Open-Drain Pins                                         ; On                 ; On                 ;
; Perform gate-level register retiming                         ; Off                ; Off                ;
; Allow register retiming to trade off Tsu/Tco with Fmax       ; On                 ; On                 ;
; Auto ROM Replacement                                         ; On                 ; On                 ;
; Auto RAM Replacement                                         ; On                 ; On                 ;
; Auto Clock Enable Replacement                                ; On                 ; On                 ;
; Strict RAM Replacement                                       ; Off                ; Off                ;
; Allow Synchronous Control Signals                            ; On                 ; On                 ;
; Force Use of Synchronous Clear Signals                       ; Off                ; Off                ;
; Auto RAM to Logic Cell Conversion                            ; Off                ; Off                ;
; Auto Resource Sharing                                        ; Off                ; Off                ;
; Ignore translate_off and synthesis_off directives            ; Off                ; Off                ;
; Show Parameter Settings Tables in Synthesis Report           ; On                 ; On                 ;
; Ignore Maximum Fan-Out Assignments                           ; Off                ; Off                ;
; Synchronization Register Chain Length                        ; 2                  ; 2                  ;
; PowerPlay Power Optimization                                 ; Normal compilation ; Normal compilation ;
; Suppress Register Optimization Related Messages              ; Off                ; Off                ;
; Number of Removed Registers Reported in Synthesis Report     ; 100                ; 100                ;
; Number of Inverted Registers Reported in Synthesis Report    ; 100                ; 100                ;
; Clock MUX Protection                                         ; On                 ; On                 ;
; Block Design Naming                                          ; Auto               ; Auto               ;
; SDC constraint protection                                    ; Off                ; Off                ;
; Synthesis Effort                                             ; Auto               ; Auto               ;
; Shift Register Replacement - Allow Asynchronous Clear Signal ; On                 ; On                 ;
+--------------------------------------------------------------+--------------------+--------------------+


+----------------------------------------------------------------------------------------------------------------------------------------------------------+
; Analysis & Synthesis Source Files Read                                                                                                                   ;
+----------------------------------+-----------------+------------------------------+----------------------------------------------------------------------+
; File Name with User-Entered Path ; Used in Netlist ; File Type                    ; File Name with Absolute Path                                         ;
+----------------------------------+-----------------+------------------------------+----------------------------------------------------------------------+
; AI.vhd                           ; yes             ; User VHDL File               ; C:/altera/80/projects/ece385-lightcycles/AI.vhd                      ;
; color_accel.vhd                  ; yes             ; User VHDL File               ; C:/altera/80/projects/ece385-lightcycles/color_accel.vhd             ;
; color_map_dummy.vhd              ; yes             ; User VHDL File               ; C:/altera/80/projects/ece385-lightcycles/color_map_dummy.vhd         ;
; crash_detect.vhd                 ; yes             ; User VHDL File               ; C:/altera/80/projects/ece385-lightcycles/crash_detect.vhd            ;
; d_ff.vhd                         ; yes             ; User VHDL File               ; C:/altera/80/projects/ece385-lightcycles/d_ff.vhd                    ;
; hex_driver.vhd                   ; yes             ; User VHDL File               ; C:/altera/80/projects/ece385-lightcycles/hex_driver.vhd              ;
; reg.vhd                          ; yes             ; User VHDL File               ; C:/altera/80/projects/ece385-lightcycles/reg.vhd                     ;
; reg_2.vhd                        ; yes             ; User VHDL File               ; C:/altera/80/projects/ece385-lightcycles/reg_2.vhd                   ;
; reg_10.vhd                       ; yes             ; User VHDL File               ; C:/altera/80/projects/ece385-lightcycles/reg_10.vhd                  ;
; wall_detect.vhd                  ; yes             ; User VHDL File               ; C:/altera/80/projects/ece385-lightcycles/wall_detect.vhd             ;
; direction.vhd                    ; yes             ; User VHDL File               ; C:/altera/80/projects/ece385-lightcycles/direction.vhd               ;
; edge_detector.vhd                ; yes             ; User VHDL File               ; C:/altera/80/projects/ece385-lightcycles/edge_detector.vhd           ;
; game_control.vhd                 ; yes             ; User VHDL File               ; C:/altera/80/projects/ece385-lightcycles/game_control.vhd            ;
; key_processor.vhd                ; yes             ; User VHDL File               ; C:/altera/80/projects/ece385-lightcycles/key_processor.vhd           ;
; keyboard.vhd                     ; yes             ; User VHDL File               ; C:/altera/80/projects/ece385-lightcycles/keyboard.vhd                ;
; LightCycles.vhd                  ; yes             ; User VHDL File               ; C:/altera/80/projects/ece385-lightcycles/LightCycles.vhd             ;
; next_wall.vhd                    ; yes             ; User VHDL File               ; C:/altera/80/projects/ece385-lightcycles/next_wall.vhd               ;
; player_velocity_control.vhd      ; yes             ; User VHDL File               ; C:/altera/80/projects/ece385-lightcycles/player_velocity_control.vhd ;
; reg_8.vhd                        ; yes             ; User VHDL File               ; C:/altera/80/projects/ece385-lightcycles/reg_8.vhd                   ;
; reg_11.vhd                       ; yes             ; User VHDL File               ; C:/altera/80/projects/ece385-lightcycles/reg_11.vhd                  ;
; speed.vhd                        ; yes             ; User VHDL File               ; C:/altera/80/projects/ece385-lightcycles/speed.vhd                   ;
; VGA_controller.vhd               ; yes             ; User VHDL File               ; C:/altera/80/projects/ece385-lightcycles/VGA_controller.vhd          ;
; altshift_taps.tdf                ; yes             ; Megafunction                 ; c:/altera/80/quartus/libraries/megafunctions/altshift_taps.tdf       ;
; altdpram.inc                     ; yes             ; Megafunction                 ; c:/altera/80/quartus/libraries/megafunctions/altdpram.inc            ;
; lpm_counter.inc                  ; yes             ; Megafunction                 ; c:/altera/80/quartus/libraries/megafunctions/lpm_counter.inc         ;
; lpm_compare.inc                  ; yes             ; Megafunction                 ; c:/altera/80/quartus/libraries/megafunctions/lpm_compare.inc         ;
; lpm_constant.inc                 ; yes             ; Megafunction                 ; c:/altera/80/quartus/libraries/megafunctions/lpm_constant.inc        ;
; db/shift_taps_kvm.tdf            ; yes             ; Auto-Generated Megafunction  ; C:/altera/80/projects/ece385-lightcycles/db/shift_taps_kvm.tdf       ;
; db/altsyncram_upa1.tdf           ; yes             ; Auto-Generated Megafunction  ; C:/altera/80/projects/ece385-lightcycles/db/altsyncram_upa1.tdf      ;
; db/cntr_ikf.tdf                  ; yes             ; Auto-Generated Megafunction  ; C:/altera/80/projects/ece385-lightcycles/db/cntr_ikf.tdf             ;
; db/cntr_94h.tdf                  ; yes             ; Auto-Generated Megafunction  ; C:/altera/80/projects/ece385-lightcycles/db/cntr_94h.tdf             ;
; db/shift_taps_jvm.tdf            ; yes             ; Auto-Generated Megafunction  ; C:/altera/80/projects/ece385-lightcycles/db/shift_taps_jvm.tdf       ;
; db/altsyncram_3161.tdf           ; yes             ; Auto-Generated Megafunction  ; C:/altera/80/projects/ece385-lightcycles/db/altsyncram_3161.tdf      ;
; db/add_sub_gvd.tdf               ; yes             ; Auto-Generated Megafunction  ; C:/altera/80/projects/ece385-lightcycles/db/add_sub_gvd.tdf          ;
; db/cntr_kkf.tdf                  ; yes             ; Auto-Generated Megafunction  ; C:/altera/80/projects/ece385-lightcycles/db/cntr_kkf.tdf             ;
; db/cntr_74h.tdf                  ; yes             ; Auto-Generated Megafunction  ; C:/altera/80/projects/ece385-lightcycles/db/cntr_74h.tdf             ;
+----------------------------------+-----------------+------------------------------+----------------------------------------------------------------------+


+---------------------------------------------------------------------------------------------+
; Analysis & Synthesis Resource Usage Summary                                                 ;
+---------------------------------------------+-----------------------------------------------+
; Resource                                    ; Usage                                         ;
+---------------------------------------------+-----------------------------------------------+
; Estimated Total logic elements              ; 29,633                                        ;
;                                             ;                                               ;
; Total combinational functions               ; 29633                                         ;
; Logic element usage by number of LUT inputs ;                                               ;
;     -- 4 input functions                    ; 22833                                         ;
;     -- 3 input functions                    ; 6581                                          ;
;     -- <=2 input functions                  ; 219                                           ;
;                                             ;                                               ;
; Logic elements by mode                      ;                                               ;
;     -- normal mode                          ; 29383                                         ;
;     -- arithmetic mode                      ; 250                                           ;
;                                             ;                                               ;
; Total registers                             ; 4400                                          ;
;     -- Dedicated logic registers            ; 4400                                          ;
;     -- I/O registers                        ; 0                                             ;
;                                             ;                                               ;
; I/O pins                                    ; 68                                            ;
; Total memory bits                           ; 5                                             ;
; Maximum fan-out node                        ; crash_detect:player1_crash_detect|Xpos[0]~191 ;
; Maximum fan-out                             ; 7418                                          ;
; Total fan-out                               ; 124826                                        ;
; Average fan-out                             ; 3.66                                          ;
+---------------------------------------------+-----------------------------------------------+


+----------------------------------------------------------------------------------------------------------------------------------------------------------------------------------------------------------------------------------------------------------------------------------------------------------------------+
; Analysis & Synthesis Resource Utilization by Entity                                                                                                                                                                                                                                                                  ;
+-----------------------------------------------+-------------------+--------------+-------------+--------------+---------+-----------+------+--------------+-------------------------------------------------------------------------------------------------------------------------------------------+--------------+
; Compilation Hierarchy Node                    ; LC Combinationals ; LC Registers ; Memory Bits ; DSP Elements ; DSP 9x9 ; DSP 18x18 ; Pins ; Virtual Pins ; Full Hierarchy Name                                                                                                                       ; Library Name ;
+-----------------------------------------------+-------------------+--------------+-------------+--------------+---------+-----------+------+--------------+-------------------------------------------------------------------------------------------------------------------------------------------+--------------+
; |LightCycles                                  ; 29633 (0)         ; 4400 (0)     ; 5           ; 0            ; 0       ; 0         ; 68   ; 0            ; |LightCycles                                                                                                                              ; work         ;
;    |HexDriver:Hex4_ent|                       ; 3 (3)             ; 0 (0)        ; 0           ; 0            ; 0       ; 0         ; 0    ; 0            ; |LightCycles|HexDriver:Hex4_ent                                                                                                           ; work         ;
;    |HexDriver:Hex5_ent|                       ; 3 (3)             ; 0 (0)        ; 0           ; 0            ; 0       ; 0         ; 0    ; 0            ; |LightCycles|HexDriver:Hex5_ent                                                                                                           ; work         ;
;    |color_map_dummy:color_mapper|             ; 29294 (29294)     ; 4225 (4225)  ; 0           ; 0            ; 0       ; 0         ; 0    ; 0            ; |LightCycles|color_map_dummy:color_mapper                                                                                                 ; work         ;
;    |crash_detect:player1_crash_detect|        ; 25 (25)           ; 2 (2)        ; 0           ; 0            ; 0       ; 0         ; 0    ; 0            ; |LightCycles|crash_detect:player1_crash_detect                                                                                            ; work         ;
;    |game_control:gameplay|                    ; 30 (28)           ; 8 (4)        ; 0           ; 0            ; 0       ; 0         ; 0    ; 0            ; |LightCycles|game_control:gameplay                                                                                                        ; work         ;
;       |reg_2:reg_2A|                          ; 1 (1)             ; 2 (2)        ; 0           ; 0            ; 0       ; 0         ; 0    ; 0            ; |LightCycles|game_control:gameplay|reg_2:reg_2A                                                                                           ; work         ;
;       |reg_2:reg_2B|                          ; 1 (1)             ; 2 (2)        ; 0           ; 0            ; 0       ; 0         ; 0    ; 0            ; |LightCycles|game_control:gameplay|reg_2:reg_2B                                                                                           ; work         ;
;    |key_processor:play1_key_process|          ; 15 (12)           ; 4 (1)        ; 0           ; 0            ; 0       ; 0         ; 0    ; 0            ; |LightCycles|key_processor:play1_key_process                                                                                              ; work         ;
;       |reg:reg_enter|                         ; 1 (1)             ; 1 (1)        ; 0           ; 0            ; 0       ; 0         ; 0    ; 0            ; |LightCycles|key_processor:play1_key_process|reg:reg_enter                                                                                ; work         ;
;       |reg:reg_x|                             ; 1 (1)             ; 1 (1)        ; 0           ; 0            ; 0       ; 0         ; 0    ; 0            ; |LightCycles|key_processor:play1_key_process|reg:reg_x                                                                                    ; work         ;
;       |reg:reg_z|                             ; 1 (1)             ; 1 (1)        ; 0           ; 0            ; 0       ; 0         ; 0    ; 0            ; |LightCycles|key_processor:play1_key_process|reg:reg_z                                                                                    ; work         ;
;    |keyboard:keyboard_entity|                 ; 28 (12)           ; 38 (4)       ; 5           ; 0            ; 0       ; 0         ; 0    ; 0            ; |LightCycles|keyboard:keyboard_entity                                                                                                     ; work         ;
;       |edge_detector:ps_clk_edge|             ; 1 (1)             ; 2 (0)        ; 0           ; 0            ; 0       ; 0         ; 0    ; 0            ; |LightCycles|keyboard:keyboard_entity|edge_detector:ps_clk_edge                                                                           ; work         ;
;          |d_ff:DA|                            ; 0 (0)             ; 1 (1)        ; 0           ; 0            ; 0       ; 0         ; 0    ; 0            ; |LightCycles|keyboard:keyboard_entity|edge_detector:ps_clk_edge|d_ff:DA                                                                   ; work         ;
;          |d_ff:DB|                            ; 0 (0)             ; 1 (1)        ; 0           ; 0            ; 0       ; 0         ; 0    ; 0            ; |LightCycles|keyboard:keyboard_entity|edge_detector:ps_clk_edge|d_ff:DB                                                                   ; work         ;
;       |reg_11:regA|                           ; 15 (0)            ; 17 (7)       ; 5           ; 0            ; 0       ; 0         ; 0    ; 0            ; |LightCycles|keyboard:keyboard_entity|reg_11:regA                                                                                         ; work         ;
;          |altshift_taps:reg_value_rtl_0|      ; 5 (0)             ; 4 (0)        ; 2           ; 0            ; 0       ; 0         ; 0    ; 0            ; |LightCycles|keyboard:keyboard_entity|reg_11:regA|altshift_taps:reg_value_rtl_0                                                           ; work         ;
;             |shift_taps_kvm:auto_generated|   ; 5 (0)             ; 4 (1)        ; 2           ; 0            ; 0       ; 0         ; 0    ; 0            ; |LightCycles|keyboard:keyboard_entity|reg_11:regA|altshift_taps:reg_value_rtl_0|shift_taps_kvm:auto_generated                             ; work         ;
;                |altsyncram_upa1:altsyncram2|  ; 0 (0)             ; 0 (0)        ; 2           ; 0            ; 0       ; 0         ; 0    ; 0            ; |LightCycles|keyboard:keyboard_entity|reg_11:regA|altshift_taps:reg_value_rtl_0|shift_taps_kvm:auto_generated|altsyncram_upa1:altsyncram2 ; work         ;
;                |cntr_94h:cntr3|               ; 4 (4)             ; 2 (2)        ; 0           ; 0            ; 0       ; 0         ; 0    ; 0            ; |LightCycles|keyboard:keyboard_entity|reg_11:regA|altshift_taps:reg_value_rtl_0|shift_taps_kvm:auto_generated|cntr_94h:cntr3              ; work         ;
;                |cntr_ikf:cntr1|               ; 1 (1)             ; 1 (1)        ; 0           ; 0            ; 0       ; 0         ; 0    ; 0            ; |LightCycles|keyboard:keyboard_entity|reg_11:regA|altshift_taps:reg_value_rtl_0|shift_taps_kvm:auto_generated|cntr_ikf:cntr1              ; work         ;
;          |altshift_taps:reg_value_rtl_1|      ; 10 (0)            ; 6 (0)        ; 3           ; 0            ; 0       ; 0         ; 0    ; 0            ; |LightCycles|keyboard:keyboard_entity|reg_11:regA|altshift_taps:reg_value_rtl_1                                                           ; work         ;
;             |shift_taps_jvm:auto_generated|   ; 10 (2)            ; 6 (3)        ; 3           ; 0            ; 0       ; 0         ; 0    ; 0            ; |LightCycles|keyboard:keyboard_entity|reg_11:regA|altshift_taps:reg_value_rtl_1|shift_taps_jvm:auto_generated                             ; work         ;
;                |altsyncram_3161:altsyncram4|  ; 0 (0)             ; 0 (0)        ; 3           ; 0            ; 0       ; 0         ; 0    ; 0            ; |LightCycles|keyboard:keyboard_entity|reg_11:regA|altshift_taps:reg_value_rtl_1|shift_taps_jvm:auto_generated|altsyncram_3161:altsyncram4 ; work         ;
;                |cntr_74h:cntr5|               ; 3 (3)             ; 1 (1)        ; 0           ; 0            ; 0       ; 0         ; 0    ; 0            ; |LightCycles|keyboard:keyboard_entity|reg_11:regA|altshift_taps:reg_value_rtl_1|shift_taps_jvm:auto_generated|cntr_74h:cntr5              ; work         ;
;                |cntr_kkf:cntr1|               ; 5 (5)             ; 2 (2)        ; 0           ; 0            ; 0       ; 0         ; 0    ; 0            ; |LightCycles|keyboard:keyboard_entity|reg_11:regA|altshift_taps:reg_value_rtl_1|shift_taps_jvm:auto_generated|cntr_kkf:cntr1              ; work         ;
;       |reg_11:regB|                           ; 0 (0)             ; 7 (7)        ; 0           ; 0            ; 0       ; 0         ; 0    ; 0            ; |LightCycles|keyboard:keyboard_entity|reg_11:regB                                                                                         ; work         ;
;       |reg_8:regC|                            ; 0 (0)             ; 8 (8)        ; 0           ; 0            ; 0       ; 0         ; 0    ; 0            ; |LightCycles|keyboard:keyboard_entity|reg_8:regC                                                                                          ; work         ;
;    |player_velocity_control:player1_velocity| ; 110 (61)          ; 58 (42)      ; 0           ; 0            ; 0       ; 0         ; 0    ; 0            ; |LightCycles|player_velocity_control:player1_velocity                                                                                     ; work         ;
;       |direction:directional|                 ; 10 (10)           ; 4 (4)        ; 0           ; 0            ; 0       ; 0         ; 0    ; 0            ; |LightCycles|player_velocity_control:player1_velocity|direction:directional                                                               ; work         ;
;       |speed:speedal|                         ; 39 (37)           ; 12 (2)       ; 0           ; 0            ; 0       ; 0         ; 0    ; 0            ; |LightCycles|player_velocity_control:player1_velocity|speed:speedal                                                                       ; work         ;
;          |reg_10:reg_10A|                     ; 2 (2)             ; 10 (10)      ; 0           ; 0            ; 0       ; 0         ; 0    ; 0            ; |LightCycles|player_velocity_control:player1_velocity|speed:speedal|reg_10:reg_10A                                                        ; work         ;
;    |player_velocity_control:player2_velocity| ; 71 (71)           ; 42 (41)      ; 0           ; 0            ; 0       ; 0         ; 0    ; 0            ; |LightCycles|player_velocity_control:player2_velocity                                                                                     ; work         ;
;       |direction:directional|                 ; 0 (0)             ; 1 (1)        ; 0           ; 0            ; 0       ; 0         ; 0    ; 0            ; |LightCycles|player_velocity_control:player2_velocity|direction:directional                                                               ; work         ;
;    |vga_controller:VGA_entity|                ; 54 (54)           ; 23 (23)      ; 0           ; 0            ; 0       ; 0         ; 0    ; 0            ; |LightCycles|vga_controller:VGA_entity                                                                                                    ; work         ;
+-----------------------------------------------+-------------------+--------------+-------------+--------------+---------+-----------+------+--------------+-------------------------------------------------------------------------------------------------------------------------------------------+--------------+
Note: For table entries with two numbers listed, the numbers in parentheses indicate the number of resources of the given type used by the specific entity alone. The numbers listed outside of parentheses indicate the total resources of the given type used by the specific entity and all of its sub-entities in the hierarchy.


+---------------------------------------------------------------------------------------------------------------------------------------------------------------------------------------------------------------------------------------------+
; Analysis & Synthesis RAM Summary                                                                                                                                                                                                            ;
+-----------------------------------------------------------------------------------------------------------------------------------------+------+------------------+--------------+--------------+--------------+--------------+------+------+
; Name                                                                                                                                    ; Type ; Mode             ; Port A Depth ; Port A Width ; Port B Depth ; Port B Width ; Size ; MIF  ;
+-----------------------------------------------------------------------------------------------------------------------------------------+------+------------------+--------------+--------------+--------------+--------------+------+------+
; keyboard:keyboard_entity|reg_11:regA|altshift_taps:reg_value_rtl_0|shift_taps_kvm:auto_generated|altsyncram_upa1:altsyncram2|ALTSYNCRAM ; AUTO ; Simple Dual Port ; 2            ; 1            ; 2            ; 1            ; 2    ; None ;
; keyboard:keyboard_entity|reg_11:regA|altshift_taps:reg_value_rtl_1|shift_taps_jvm:auto_generated|altsyncram_3161:altsyncram4|ALTSYNCRAM ; AUTO ; Simple Dual Port ; 3            ; 1            ; 3            ; 1            ; 3    ; None ;
+-----------------------------------------------------------------------------------------------------------------------------------------+------+------------------+--------------+--------------+--------------+--------------+------+------+


Encoding Type:  Minimal Bits
+-----------------------------------------------------------------------------------------+
; State Machine - |LightCycles|keyboard:keyboard_entity|state                             ;
+---------+-------------------+-------------------+-------------------+-------------------+
; Name    ; state.state_bit_3 ; state.state_bit_2 ; state.state_bit_1 ; state.state_bit_0 ;
+---------+-------------------+-------------------+-------------------+-------------------+
; state.a ; 0                 ; 0                 ; 0                 ; 0                 ;
; state.b ; 0                 ; 0                 ; 0                 ; 1                 ;
; state.c ; 0                 ; 0                 ; 1                 ; 0                 ;
; state.d ; 0                 ; 0                 ; 1                 ; 1                 ;
; state.e ; 0                 ; 1                 ; 0                 ; 0                 ;
; state.f ; 0                 ; 1                 ; 0                 ; 1                 ;
; state.g ; 0                 ; 1                 ; 1                 ; 0                 ;
; state.h ; 0                 ; 1                 ; 1                 ; 1                 ;
; state.i ; 1                 ; 0                 ; 0                 ; 0                 ;
; state.j ; 1                 ; 0                 ; 0                 ; 1                 ;
; state.k ; 1                 ; 0                 ; 1                 ; 0                 ;
+---------+-------------------+-------------------+-------------------+-------------------+


Encoding Type:  Minimal Bits
+----------------------------------------------------------------------+
; State Machine - |LightCycles|crash_detect:player2_crash_detect|state ;
+-------------+-------------------+------------------------------------+
; Name        ; state.state_bit_1 ; state.state_bit_0                  ;
+-------------+-------------------+------------------------------------+
; state.start ; 0                 ; 0                                  ;
; state.check ; 0                 ; 1                                  ;
; state.crash ; 1                 ; 1                                  ;
+-------------+-------------------+------------------------------------+


Encoding Type:  Minimal Bits
+----------------------------------------------------------------------+
; State Machine - |LightCycles|crash_detect:player1_crash_detect|state ;
+-------------+-------------------+------------------------------------+
; Name        ; state.state_bit_1 ; state.state_bit_0                  ;
+-------------+-------------------+------------------------------------+
; state.start ; 0                 ; 0                                  ;
; state.check ; 0                 ; 1                                  ;
; state.crash ; 1                 ; 0                                  ;
+-------------+-------------------+------------------------------------+


Encoding Type:  Minimal Bits
+-------------------------------------------------------------------------------------------+
; State Machine - |LightCycles|player_velocity_control:player2_velocity|speed:speedal|State ;
+------------------+-------------------+----------------------------------------------------+
; Name             ; State.state_bit_1 ; State.state_bit_0                                  ;
+------------------+-------------------+----------------------------------------------------+
; State.stop       ; 0                 ; 0                                                  ;
; State.const      ; 0                 ; 1                                                  ;
; State.accelerate ; 1                 ; 1                                                  ;
; State.decelerate ; 1                 ; 0                                                  ;
+------------------+-------------------+----------------------------------------------------+


Encoding Type:  Minimal Bits
+-------------------------------------------------------------------------------------------+
; State Machine - |LightCycles|player_velocity_control:player1_velocity|speed:speedal|State ;
+------------------+-------------------+----------------------------------------------------+
; Name             ; State.state_bit_1 ; State.state_bit_0                                  ;
+------------------+-------------------+----------------------------------------------------+
; State.stop       ; 0                 ; 0                                                  ;
; State.const      ; 0                 ; 1                                                  ;
; State.accelerate ; 1                 ; 1                                                  ;
; State.decelerate ; 1                 ; 0                                                  ;
+------------------+-------------------+----------------------------------------------------+


Encoding Type:  Minimal Bits
+--------------------------------------------------------------------------------------------------+
; State Machine - |LightCycles|game_control:gameplay|state                                         ;
+------------------+-------------------+-------------------+-------------------+-------------------+
; Name             ; state.state_bit_3 ; state.state_bit_2 ; state.state_bit_1 ; state.state_bit_0 ;
+------------------+-------------------+-------------------+-------------------+-------------------+
; state.menu       ; 0                 ; 0                 ; 0                 ; 0                 ;
; state.start      ; 0                 ; 0                 ; 0                 ; 1                 ;
; state.round      ; 0                 ; 0                 ; 1                 ; 0                 ;
; state.play1crash ; 0                 ; 0                 ; 1                 ; 1                 ;
; state.bothcrash  ; 0                 ; 1                 ; 0                 ; 0                 ;
; state.play2crash ; 0                 ; 1                 ; 0                 ; 1                 ;
; state.checklives ; 0                 ; 1                 ; 1                 ; 0                 ;
; state.play1win   ; 0                 ; 1                 ; 1                 ; 1                 ;
; state.play2win   ; 1                 ; 0                 ; 0                 ; 0                 ;
; state.bothlose   ; 1                 ; 0                 ; 0                 ; 1                 ;
+------------------+-------------------+-------------------+-------------------+-------------------+


+------------------------------------------------------------+
; Logic Cells Representing Combinational Loops               ;
+--------------------------------------------------------+---+
; Logic Cell Name                                        ;   ;
+--------------------------------------------------------+---+
; crash_detect:player1_crash_detect|crashing~0           ;   ;
; Number of logic cells representing combinational loops ; 1 ;
+--------------------------------------------------------+---+
Note: All cells listed above may not be present at the end of synthesis due to various synthesis optimizations.


+-------------------------------------------------------------------------------------------------------------------------------------------------------------------------------------+
; Registers Removed During Synthesis                                                                                                                                                  ;
+------------------------------------------------------------------------------------+------------------------------------------------------------------------------------------------+
; Register name                                                                      ; Reason for Removal                                                                             ;
+------------------------------------------------------------------------------------+------------------------------------------------------------------------------------------------+
; AI:AE|reg:alt_reg|reg_value                                                        ; Stuck at GND due to stuck port clock_enable                                                    ;
; player_velocity_control:player2_velocity|key_DIR[0..1]                             ; Stuck at GND due to stuck port data_in                                                         ;
; player_velocity_control:player1_velocity|accel[1]                                  ; Merged with player_velocity_control:player2_velocity|accel[1]                                  ;
; player_velocity_control:player2_velocity|direction:directional|State.right         ; Merged with player_velocity_control:player2_velocity|direction:directional|State.down          ;
; player_velocity_control:player2_velocity|direction:directional|State.down          ; Stuck at GND due to stuck port data_in                                                         ;
; crash_detect:player2_crash_detect|state.state_bit_0                                ; Lost fanout                                                                                    ;
; player_velocity_control:player2_velocity|speed:speedal|State.state_bit_0           ; Lost fanout                                                                                    ;
; player_velocity_control:player2_velocity|speed:speedal|State.state_bit_1           ; Lost fanout                                                                                    ;
; crash_detect:player2_crash_detect|state.state_bit_1                                ; Stuck at GND due to stuck port data_in                                                         ;
; player_velocity_control:player2_velocity|speed:speedal|reg_10:reg_10A|reg_value[9] ; Merged with player_velocity_control:player1_velocity|speed:speedal|reg_10:reg_10A|reg_value[9] ;
; player_velocity_control:player2_velocity|speed:speedal|reg_10:reg_10A|reg_value[8] ; Merged with player_velocity_control:player1_velocity|speed:speedal|reg_10:reg_10A|reg_value[8] ;
; player_velocity_control:player2_velocity|speed:speedal|reg_10:reg_10A|reg_value[7] ; Merged with player_velocity_control:player1_velocity|speed:speedal|reg_10:reg_10A|reg_value[7] ;
; player_velocity_control:player2_velocity|speed:speedal|reg_10:reg_10A|reg_value[6] ; Merged with player_velocity_control:player1_velocity|speed:speedal|reg_10:reg_10A|reg_value[6] ;
; player_velocity_control:player2_velocity|speed:speedal|reg_10:reg_10A|reg_value[5] ; Merged with player_velocity_control:player1_velocity|speed:speedal|reg_10:reg_10A|reg_value[5] ;
; player_velocity_control:player2_velocity|speed:speedal|reg_10:reg_10A|reg_value[4] ; Merged with player_velocity_control:player1_velocity|speed:speedal|reg_10:reg_10A|reg_value[4] ;
; player_velocity_control:player2_velocity|speed:speedal|reg_10:reg_10A|reg_value[3] ; Merged with player_velocity_control:player1_velocity|speed:speedal|reg_10:reg_10A|reg_value[3] ;
; player_velocity_control:player2_velocity|speed:speedal|reg_10:reg_10A|reg_value[2] ; Merged with player_velocity_control:player1_velocity|speed:speedal|reg_10:reg_10A|reg_value[2] ;
; player_velocity_control:player2_velocity|speed:speedal|reg_10:reg_10A|reg_value[1] ; Merged with player_velocity_control:player1_velocity|speed:speedal|reg_10:reg_10A|reg_value[1] ;
; player_velocity_control:player2_velocity|speed:speedal|reg_10:reg_10A|reg_value[0] ; Merged with player_velocity_control:player1_velocity|speed:speedal|reg_10:reg_10A|reg_value[0] ;
; player_velocity_control:player2_velocity|direction:directional|State.left          ; Merged with player_velocity_control:player2_velocity|direction:directional|State.up            ;
; Total Number of Removed Registers = 21                                             ;                                                                                                ;
+------------------------------------------------------------------------------------+------------------------------------------------------------------------------------------------+


+------------------------------------------------------+
; General Register Statistics                          ;
+----------------------------------------------+-------+
; Statistic                                    ; Value ;
+----------------------------------------------+-------+
; Total registers                              ; 4400  ;
; Number of registers using Synchronous Clear  ; 40    ;
; Number of registers using Synchronous Load   ; 0     ;
; Number of registers using Asynchronous Clear ; 4351  ;
; Number of registers using Asynchronous Load  ; 0     ;
; Number of registers using Clock Enable       ; 88    ;
; Number of registers using Preset             ; 0     ;
+----------------------------------------------+-------+


+------------------------------------------------------------------------------------------------------------------+
; Inverted Register Statistics                                                                                     ;
+--------------------------------------------------------------------------------------------------------+---------+
; Inverted Register                                                                                      ; Fan out ;
+--------------------------------------------------------------------------------------------------------+---------+
; player_velocity_control:player1_velocity|direction:directional|State.right                             ; 18      ;
; player_velocity_control:player2_velocity|new_Y_pos[8]                                                  ; 3       ;
; player_velocity_control:player2_velocity|new_Y_pos[5]                                                  ; 3       ;
; player_velocity_control:player2_velocity|new_Y_pos[1]                                                  ; 3       ;
; player_velocity_control:player2_velocity|new_X_pos[8]                                                  ; 3       ;
; player_velocity_control:player2_velocity|new_X_pos[7]                                                  ; 3       ;
; player_velocity_control:player2_velocity|new_X_pos[5]                                                  ; 3       ;
; player_velocity_control:player2_velocity|new_X_pos[3]                                                  ; 3       ;
; player_velocity_control:player2_velocity|new_X_pos[2]                                                  ; 3       ;
; player_velocity_control:player2_velocity|new_X_pos[1]                                                  ; 3       ;
; player_velocity_control:player1_velocity|new_Y_pos[8]                                                  ; 4       ;
; player_velocity_control:player1_velocity|new_Y_pos[5]                                                  ; 6       ;
; player_velocity_control:player1_velocity|new_Y_pos[1]                                                  ; 5       ;
; player_velocity_control:player1_velocity|new_X_pos[7]                                                  ; 4       ;
; player_velocity_control:player1_velocity|new_X_pos[6]                                                  ; 7       ;
; player_velocity_control:player1_velocity|new_X_pos[4]                                                  ; 5       ;
; player_velocity_control:player1_velocity|new_X_pos[1]                                                  ; 16      ;
; keyboard:keyboard_entity|reg_11:regA|altshift_taps:reg_value_rtl_0|shift_taps_kvm:auto_generated|dffe4 ; 1       ;
; keyboard:keyboard_entity|reg_11:regA|altshift_taps:reg_value_rtl_1|shift_taps_jvm:auto_generated|dffe6 ; 1       ;
; Total number of inverted registers = 19                                                                ;         ;
+--------------------------------------------------------------------------------------------------------+---------+


+---------------------------------------------------------------------------------------------------------------------------------------------------------------------------------------------------------------+
; Multiplexer Restructuring Statistics (Restructuring Performed)                                                                                                                                                ;
+--------------------+-----------+---------------+----------------------+------------------------+------------+-------------------------------------------------------------------------------------------------+
; Multiplexer Inputs ; Bus Width ; Baseline Area ; Area if Restructured ; Saving if Restructured ; Registered ; Example Multiplexer Output                                                                      ;
+--------------------+-----------+---------------+----------------------+------------------------+------------+-------------------------------------------------------------------------------------------------+
; 3:1                ; 20 bits   ; 40 LEs        ; 40 LEs               ; 0 LEs                  ; Yes        ; |LightCycles|player_velocity_control:player1_velocity|X_Motion[8]                               ;
; 3:1                ; 20 bits   ; 40 LEs        ; 40 LEs               ; 0 LEs                  ; Yes        ; |LightCycles|player_velocity_control:player2_velocity|Y_Motion[9]                               ;
; 6:1                ; 2 bits    ; 8 LEs         ; 4 LEs                ; 4 LEs                  ; Yes        ; |LightCycles|game_control:gameplay|reg_2:reg_2A|reg_value[0]                                    ;
; 6:1                ; 2 bits    ; 8 LEs         ; 4 LEs                ; 4 LEs                  ; Yes        ; |LightCycles|game_control:gameplay|reg_2:reg_2B|reg_value[0]                                    ;
; 6:1                ; 10 bits   ; 40 LEs        ; 20 LEs               ; 20 LEs                 ; Yes        ; |LightCycles|player_velocity_control:player1_velocity|speed:speedal|reg_10:reg_10A|reg_value[3] ;
; 6:1                ; 10 bits   ; 40 LEs        ; 20 LEs               ; 20 LEs                 ; Yes        ; |LightCycles|player_velocity_control:player2_velocity|speed:speedal|reg_10:reg_10A|reg_value[7] ;
; 3:1                ; 3 bits    ; 6 LEs         ; 6 LEs                ; 0 LEs                  ; No         ; |LightCycles|key_processor:play1_key_process|loadx                                              ;
; 3:1                ; 3 bits    ; 6 LEs         ; 6 LEs                ; 0 LEs                  ; No         ; |LightCycles|color_map_dummy:color_mapper|Mux67                                                 ;
; 3:1                ; 4 bits    ; 8 LEs         ; 8 LEs                ; 0 LEs                  ; No         ; |LightCycles|color_map_dummy:color_mapper|Mux66                                                 ;
; 3:1                ; 65 bits   ; 130 LEs       ; 130 LEs              ; 0 LEs                  ; No         ; |LightCycles|color_map_dummy:color_mapper|Mux318                                                ;
; 3:1                ; 65 bits   ; 130 LEs       ; 130 LEs              ; 0 LEs                  ; No         ; |LightCycles|color_map_dummy:color_mapper|Mux223                                                ;
; 3:1                ; 195 bits  ; 390 LEs       ; 390 LEs              ; 0 LEs                  ; No         ; |LightCycles|color_map_dummy:color_mapper|Mux187                                                ;
; 3:1                ; 260 bits  ; 520 LEs       ; 520 LEs              ; 0 LEs                  ; No         ; |LightCycles|color_map_dummy:color_mapper|Mux107                                                ;
; 4:1                ; 11 bits   ; 22 LEs        ; 22 LEs               ; 0 LEs                  ; No         ; |LightCycles|color_map_dummy:color_mapper|Mux1347                                               ;
; 4:1                ; 715 bits  ; 1430 LEs      ; 1430 LEs             ; 0 LEs                  ; No         ; |LightCycles|color_map_dummy:color_mapper|Mux224                                                ;
; 9:1                ; 65 bits   ; 390 LEs       ; 390 LEs              ; 0 LEs                  ; No         ; |LightCycles|color_map_dummy:color_mapper|Mux1341                                               ;
+--------------------+-----------+---------------+----------------------+------------------------+------------+-------------------------------------------------------------------------------------------------+


+-----------------------------------------------------------------------------------------------------------------------------------------------------+
; Source assignments for keyboard:keyboard_entity|reg_11:regA|altshift_taps:reg_value_rtl_0|shift_taps_kvm:auto_generated|altsyncram_upa1:altsyncram2 ;
+---------------------------------+--------------------+------+---------------------------------------------------------------------------------------+
; Assignment                      ; Value              ; From ; To                                                                                    ;
+---------------------------------+--------------------+------+---------------------------------------------------------------------------------------+
; OPTIMIZE_POWER_DURING_SYNTHESIS ; NORMAL_COMPILATION ; -    ; -                                                                                     ;
+---------------------------------+--------------------+------+---------------------------------------------------------------------------------------+


+-----------------------------------------------------------------------------------------------------------------------------------------------------+
; Source assignments for keyboard:keyboard_entity|reg_11:regA|altshift_taps:reg_value_rtl_1|shift_taps_jvm:auto_generated|altsyncram_3161:altsyncram4 ;
+---------------------------------+--------------------+------+---------------------------------------------------------------------------------------+
; Assignment                      ; Value              ; From ; To                                                                                    ;
+---------------------------------+--------------------+------+---------------------------------------------------------------------------------------+
; OPTIMIZE_POWER_DURING_SYNTHESIS ; NORMAL_COMPILATION ; -    ; -                                                                                     ;
+---------------------------------+--------------------+------+---------------------------------------------------------------------------------------+


+---------------------------------------------------------------------------------------------------------------------+
; Parameter Settings for Inferred Entity Instance: keyboard:keyboard_entity|reg_11:regA|altshift_taps:reg_value_rtl_0 ;
+----------------+----------------+-----------------------------------------------------------------------------------+
; Parameter Name ; Value          ; Type                                                                              ;
+----------------+----------------+-----------------------------------------------------------------------------------+
; WIDTH_BYTEENA  ; 1              ; Untyped                                                                           ;
; NUMBER_OF_TAPS ; 1              ; Untyped                                                                           ;
; TAP_DISTANCE   ; 4              ; Untyped                                                                           ;
; WIDTH          ; 1              ; Untyped                                                                           ;
; POWER_UP_STATE ; CLEARED        ; Untyped                                                                           ;
; CBXI_PARAMETER ; shift_taps_kvm ; Untyped                                                                           ;
+----------------+----------------+-----------------------------------------------------------------------------------+
Note: In order to hide this table in the UI and the text report file, please set the "Show Parameter Settings Tables in Synthesis Report" option in "Analysis and Synthesis Settings -> More Settings" to "Off".


+---------------------------------------------------------------------------------------------------------------------+
; Parameter Settings for Inferred Entity Instance: keyboard:keyboard_entity|reg_11:regA|altshift_taps:reg_value_rtl_1 ;
+----------------+----------------+-----------------------------------------------------------------------------------+
; Parameter Name ; Value          ; Type                                                                              ;
+----------------+----------------+-----------------------------------------------------------------------------------+
; WIDTH_BYTEENA  ; 1              ; Untyped                                                                           ;
; NUMBER_OF_TAPS ; 1              ; Untyped                                                                           ;
; TAP_DISTANCE   ; 3              ; Untyped                                                                           ;
; WIDTH          ; 1              ; Untyped                                                                           ;
; POWER_UP_STATE ; CLEARED        ; Untyped                                                                           ;
; CBXI_PARAMETER ; shift_taps_jvm ; Untyped                                                                           ;
+----------------+----------------+-----------------------------------------------------------------------------------+
Note: In order to hide this table in the UI and the text report file, please set the "Show Parameter Settings Tables in Synthesis Report" option in "Analysis and Synthesis Settings -> More Settings" to "Off".


+-------------------------------------------------------------------------------------------------+
; altshift_taps Parameter Settings by Entity Instance                                             ;
+----------------------------+--------------------------------------------------------------------+
; Name                       ; Value                                                              ;
+----------------------------+--------------------------------------------------------------------+
; Number of entity instances ; 2                                                                  ;
; Entity Instance            ; keyboard:keyboard_entity|reg_11:regA|altshift_taps:reg_value_rtl_0 ;
;     -- NUMBER_OF_TAPS      ; 1                                                                  ;
;     -- TAP_DISTANCE        ; 4                                                                  ;
;     -- WIDTH               ; 1                                                                  ;
; Entity Instance            ; keyboard:keyboard_entity|reg_11:regA|altshift_taps:reg_value_rtl_1 ;
;     -- NUMBER_OF_TAPS      ; 1                                                                  ;
;     -- TAP_DISTANCE        ; 3                                                                  ;
;     -- WIDTH               ; 1                                                                  ;
+----------------------------+--------------------------------------------------------------------+


+-------------------------------+
; Analysis & Synthesis Messages ;
+-------------------------------+
Info: *******************************************************************
Info: Running Quartus II Analysis & Synthesis
    Info: Version 8.0 Build 215 05/29/2008 SJ Web Edition
    Info: Processing started: Fri Jul 25 02:30:05 2008
Info: Command: quartus_map --read_settings_files=on --write_settings_files=off LightCycles -c LightCycles
Info: Found 2 design units, including 1 entities, in source file AI.vhd
    Info: Found design unit 1: AI-Behavioral
    Info: Found entity 1: AI
Info: Found 2 design units, including 1 entities, in source file colo_map.vhd
    Info: Found design unit 1: colo_map-Behavioral
    Info: Found entity 1: colo_map
Info: Found 2 design units, including 1 entities, in source file color_accel.vhd
    Info: Found design unit 1: color_accel-Behavioral
    Info: Found entity 1: color_accel
Info: Found 2 design units, including 1 entities, in source file color_map_dummy.vhd
    Info: Found design unit 1: color_map_dummy-Behavioral
    Info: Found entity 1: color_map_dummy
Info: Found 2 design units, including 1 entities, in source file crash_detect.vhd
    Info: Found design unit 1: crash_detect-Behavioral
    Info: Found entity 1: crash_detect
Info: Found 2 design units, including 1 entities, in source file d_ff.vhd
    Info: Found design unit 1: d_ff-Behavioral
    Info: Found entity 1: d_ff
Info: Found 2 design units, including 1 entities, in source file hex_driver.vhd
    Info: Found design unit 1: HexDriver-Behavioral
    Info: Found entity 1: HexDriver
Info: Found 2 design units, including 1 entities, in source file reg.vhd
    Info: Found design unit 1: reg-Behavioral
    Info: Found entity 1: reg
Info: Found 2 design units, including 1 entities, in source file reg_2.vhd
    Info: Found design unit 1: reg_2-Behavioral
    Info: Found entity 1: reg_2
Info: Found 2 design units, including 1 entities, in source file reg_10.vhd
    Info: Found design unit 1: reg_10-Behavioral
    Info: Found entity 1: reg_10
Info: Found 2 design units, including 1 entities, in source file wall_detect.vhd
    Info: Found design unit 1: wall_detect-Behavioral
    Info: Found entity 1: wall_detect
Info: Found 2 design units, including 1 entities, in source file direction.vhd
    Info: Found design unit 1: direction-Behavioral
    Info: Found entity 1: direction
Info: Found 2 design units, including 1 entities, in source file edge_detector.vhd
    Info: Found design unit 1: edge_detector-Behavioral
    Info: Found entity 1: edge_detector
Info: Found 2 design units, including 1 entities, in source file front_wall.vhd
    Info: Found design unit 1: front_wall-Behavioral
    Info: Found entity 1: front_wall
Info: Found 2 design units, including 1 entities, in source file game_control.vhd
    Info: Found design unit 1: game_control-Behavioral
    Info: Found entity 1: game_control
Info: Found 2 design units, including 1 entities, in source file key_processor.vhd
    Info: Found design unit 1: key_processor-Behavioral
    Info: Found entity 1: key_processor
Info: Found 2 design units, including 1 entities, in source file keyboard.vhd
    Info: Found design unit 1: keyboard-Behavioral
    Info: Found entity 1: keyboard
Info: Found 2 design units, including 1 entities, in source file LightCycles.vhd
    Info: Found design unit 1: LightCycles-Behavioral
    Info: Found entity 1: LightCycles
Info: Found 2 design units, including 1 entities, in source file next_wall.vhd
    Info: Found design unit 1: next_wall-Behavioral
    Info: Found entity 1: next_wall
Info: Found 2 design units, including 1 entities, in source file player_velocity_control.vhd
    Info: Found design unit 1: player_velocity_control-Behavioral
    Info: Found entity 1: player_velocity_control
Info: Found 2 design units, including 1 entities, in source file reg_8.vhd
    Info: Found design unit 1: reg_8-Behavioral
    Info: Found entity 1: reg_8
Info: Found 2 design units, including 1 entities, in source file reg_11.vhd
    Info: Found design unit 1: reg_11-Behavioral
    Info: Found entity 1: reg_11
Info: Found 2 design units, including 1 entities, in source file speed.vhd
    Info: Found design unit 1: speed-Behavioral
    Info: Found entity 1: speed
Info: Found 2 design units, including 1 entities, in source file VGA_controller.vhd
    Info: Found design unit 1: vga_controller-Behavioral
    Info: Found entity 1: vga_controller
Info: Elaborating entity "LightCycles" for the top level hierarchy
Warning (10036): Verilog HDL or VHDL warning at LightCycles.vhd(263): object "menu_reset" assigned a value but never read
Warning (10036): Verilog HDL or VHDL warning at LightCycles.vhd(269): object "begin_round" assigned a value but never read
Info: Elaborating entity "game_control" for hierarchy "game_control:gameplay"
Info: Elaborating entity "reg_2" for hierarchy "game_control:gameplay|reg_2:reg_2A"
Info: Elaborating entity "player_velocity_control" for hierarchy "player_velocity_control:player1_velocity"
Info: Elaborating entity "direction" for hierarchy "player_velocity_control:player1_velocity|direction:directional"
Info (10018): Can't recognize finite state machine "State" because it has a complex reset state
Info: Elaborating entity "speed" for hierarchy "player_velocity_control:player1_velocity|speed:speedal"
Info (10425): VHDL Case Statement information at speed.vhd(135): OTHERS choice is never selected
Info: Elaborating entity "reg_10" for hierarchy "player_velocity_control:player1_velocity|speed:speedal|reg_10:reg_10A"
Info: Elaborating entity "crash_detect" for hierarchy "crash_detect:player1_crash_detect"
Warning (10862): input port "play_Size[9]" at crash_detect.vhd(31) has no fan-out
Warning (10862): input port "play_Size[8]" at crash_detect.vhd(31) has no fan-out
Warning (10862): input port "play_Size[7]" at crash_detect.vhd(31) has no fan-out
Warning (10862): input port "play_Size[6]" at crash_detect.vhd(31) has no fan-out
Warning (10862): input port "play_Size[5]" at crash_detect.vhd(31) has no fan-out
Warning (10862): input port "play_Size[4]" at crash_detect.vhd(31) has no fan-out
Warning (10862): input port "play_Size[3]" at crash_detect.vhd(31) has no fan-out
Warning (10862): input port "play_Size[2]" at crash_detect.vhd(31) has no fan-out
Warning (10862): input port "play_Size[1]" at crash_detect.vhd(31) has no fan-out
Warning (10862): input port "play_Size[0]" at crash_detect.vhd(31) has no fan-out
Warning (10862): input port "DIR[1]" at crash_detect.vhd(32) has no fan-out
Warning (10862): input port "DIR[0]" at crash_detect.vhd(32) has no fan-out
Info: Elaborating entity "wall_detect" for hierarchy "wall_detect:player1_wall_detect"
Info: Elaborating entity "color_accel" for hierarchy "wall_detect:player1_wall_detect|color_accel:colorizer1"
Info: Elaborating entity "key_processor" for hierarchy "key_processor:play1_key_process"
Info: Elaborating entity "reg" for hierarchy "key_processor:play1_key_process|reg:reg_z"
Info: Elaborating entity "keyboard" for hierarchy "keyboard:keyboard_entity"
Critical Warning (10920): VHDL Incomplete Partial Association warning at keyboard.vhd(126): port or argument "Data_Out" has 3/11 unassociated elements
Critical Warning (10920): VHDL Incomplete Partial Association warning at keyboard.vhd(138): port or argument "Data_Out" has 3/11 unassociated elements
Info: Elaborating entity "edge_detector" for hierarchy "keyboard:keyboard_entity|edge_detector:ps_clk_edge"
Info: Elaborating entity "d_ff" for hierarchy "keyboard:keyboard_entity|edge_detector:ps_clk_edge|d_ff:DA"
Info: Elaborating entity "reg_11" for hierarchy "keyboard:keyboard_entity|reg_11:regA"
Info: Elaborating entity "reg_8" for hierarchy "keyboard:keyboard_entity|reg_8:regC"
Info: Elaborating entity "color_map_dummy" for hierarchy "color_map_dummy:color_mapper"
Info (10035): Verilog HDL or VHDL information at color_map_dummy.vhd(150): object "play2_wall_f" declared but not used
Warning (10036): Verilog HDL or VHDL warning at color_map_dummy.vhd(154): object "play2_X" assigned a value but never read
Warning (10036): Verilog HDL or VHDL warning at color_map_dummy.vhd(155): object "play2_Y" assigned a value but never read
Warning (10034): Output port "play2_wall_front" at color_map_dummy.vhd(92) has no driver
Warning (10862): input port "play2_next_X_pos[9]" at color_map_dummy.vhd(38) has no fan-out
Warning (10862): input port "play2_next_X_pos[8]" at color_map_dummy.vhd(38) has no fan-out
Warning (10862): input port "play2_next_X_pos[7]" at color_map_dummy.vhd(38) has no fan-out
Warning (10862): input port "play2_next_X_pos[6]" at color_map_dummy.vhd(38) has no fan-out
Warning (10862): input port "play2_next_X_pos[5]" at color_map_dummy.vhd(38) has no fan-out
Warning (10862): input port "play2_next_X_pos[4]" at color_map_dummy.vhd(38) has no fan-out
Warning (10862): input port "play2_next_X_pos[3]" at color_map_dummy.vhd(38) has no fan-out
Warning (10862): input port "play2_next_X_pos[2]" at color_map_dummy.vhd(38) has no fan-out
Warning (10862): input port "play2_next_X_pos[1]" at color_map_dummy.vhd(38) has no fan-out
Warning (10862): input port "play2_next_X_pos[0]" at color_map_dummy.vhd(38) has no fan-out
Warning (10862): input port "play2_next_Y_pos[9]" at color_map_dummy.vhd(39) has no fan-out
Warning (10862): input port "play2_next_Y_pos[8]" at color_map_dummy.vhd(39) has no fan-out
Warning (10862): input port "play2_next_Y_pos[7]" at color_map_dummy.vhd(39) has no fan-out
Warning (10862): input port "play2_next_Y_pos[6]" at color_map_dummy.vhd(39) has no fan-out
Warning (10862): input port "play2_next_Y_pos[5]" at color_map_dummy.vhd(39) has no fan-out
Warning (10862): input port "play2_next_Y_pos[4]" at color_map_dummy.vhd(39) has no fan-out
Warning (10862): input port "play2_next_Y_pos[3]" at color_map_dummy.vhd(39) has no fan-out
Warning (10862): input port "play2_next_Y_pos[2]" at color_map_dummy.vhd(39) has no fan-out
Warning (10862): input port "play2_next_Y_pos[1]" at color_map_dummy.vhd(39) has no fan-out
Warning (10862): input port "play2_next_Y_pos[0]" at color_map_dummy.vhd(39) has no fan-out
Warning (10862): input port "play2_DIR[1]" at color_map_dummy.vhd(42) has no fan-out
Warning (10862): input port "play2_DIR[0]" at color_map_dummy.vhd(42) has no fan-out
Warning (10862): input port "play2_current_speed[9]" at color_map_dummy.vhd(45) has no fan-out
Warning (10862): input port "play2_current_speed[8]" at color_map_dummy.vhd(45) has no fan-out
Warning (10862): input port "play2_current_speed[7]" at color_map_dummy.vhd(45) has no fan-out
Warning (10862): input port "play2_current_speed[6]" at color_map_dummy.vhd(45) has no fan-out
Warning (10862): input port "play2_current_speed[5]" at color_map_dummy.vhd(45) has no fan-out
Warning (10862): input port "play2_current_speed[4]" at color_map_dummy.vhd(45) has no fan-out
Warning (10862): input port "play2_current_speed[3]" at color_map_dummy.vhd(45) has no fan-out
Warning (10862): input port "play2_current_speed[2]" at color_map_dummy.vhd(45) has no fan-out
Warning (10862): input port "play2_current_speed[1]" at color_map_dummy.vhd(45) has no fan-out
Warning (10862): input port "play2_current_speed[0]" at color_map_dummy.vhd(45) has no fan-out
Info: Elaborating entity "AI" for hierarchy "AI:AE"
Info: Elaborating entity "next_wall" for hierarchy "AI:AE|next_wall:wallfront"
Info: Elaborating entity "vga_controller" for hierarchy "vga_controller:VGA_entity"
Info: Elaborating entity "HexDriver" for hierarchy "HexDriver:Hex4_ent"
Info (10425): VHDL Case Statement information at hex_driver.vhd(40): OTHERS choice is never selected
Warning (14110): No clock transition on "AI:AE|reg:alt_reg|reg_value" register due to stuck clock or clock enable
Warning (14130): Reduced register "AI:AE|reg:alt_reg|reg_value" with stuck clock_enable port to stuck value GND
Warning (14130): Reduced register "player_velocity_control:player2_velocity|key_DIR[1]" with stuck data_in port to stuck value GND
Warning (14130): Reduced register "player_velocity_control:player2_velocity|key_DIR[0]" with stuck data_in port to stuck value GND
Info: Duplicate registers merged to single register
    Info (13350): Duplicate register "player_velocity_control:player1_velocity|accel[1]" merged to single register "player_velocity_control:player2_velocity|accel[1]"
    Info (13350): Duplicate register "player_velocity_control:player2_velocity|direction:directional|State.right" merged to single register "player_velocity_control:player2_velocity|direction:directional|State.down"
Warning (14130): Reduced register "player_velocity_control:player2_velocity|direction:directional|State.down" with stuck data_in port to stuck value GND
Info: State machine "|LightCycles|keyboard:keyboard_entity|state" contains 11 states
Info: State machine "|LightCycles|crash_detect:player2_crash_detect|state" contains 3 states
Info: State machine "|LightCycles|crash_detect:player1_crash_detect|state" contains 3 states
Info: State machine "|LightCycles|player_velocity_control:player2_velocity|speed:speedal|State" contains 4 states
Info: State machine "|LightCycles|player_velocity_control:player1_velocity|speed:speedal|State" contains 4 states
Info: State machine "|LightCycles|game_control:gameplay|state" contains 10 states
Info: Selected Minimal Bits state machine encoding method for state machine "|LightCycles|keyboard:keyboard_entity|state"
Info: Encoding result for state machine "|LightCycles|keyboard:keyboard_entity|state"
    Info: Completed encoding using 4 state bits
        Info: Encoded state bit "keyboard:keyboard_entity|state.state_bit_3"
        Info: Encoded state bit "keyboard:keyboard_entity|state.state_bit_2"
        Info: Encoded state bit "keyboard:keyboard_entity|state.state_bit_1"
        Info: Encoded state bit "keyboard:keyboard_entity|state.state_bit_0"
    Info: State "|LightCycles|keyboard:keyboard_entity|state.a" uses code string "0000"
    Info: State "|LightCycles|keyboard:keyboard_entity|state.b" uses code string "0001"
    Info: State "|LightCycles|keyboard:keyboard_entity|state.c" uses code string "0010"
    Info: State "|LightCycles|keyboard:keyboard_entity|state.d" uses code string "0011"
    Info: State "|LightCycles|keyboard:keyboard_entity|state.e" uses code string "0100"
    Info: State "|LightCycles|keyboard:keyboard_entity|state.f" uses code string "0101"
    Info: State "|LightCycles|keyboard:keyboard_entity|state.g" uses code string "0110"
    Info: State "|LightCycles|keyboard:keyboard_entity|state.h" uses code string "0111"
    Info: State "|LightCycles|keyboard:keyboard_entity|state.i" uses code string "1000"
    Info: State "|LightCycles|keyboard:keyboard_entity|state.j" uses code string "1001"
    Info: State "|LightCycles|keyboard:keyboard_entity|state.k" uses code string "1010"
Info: Selected Minimal Bits state machine encoding method for state machine "|LightCycles|crash_detect:player2_crash_detect|state"
Info: Encoding result for state machine "|LightCycles|crash_detect:player2_crash_detect|state"
    Info: Completed encoding using 2 state bits
        Info: Encoded state bit "crash_detect:player2_crash_detect|state.state_bit_1"
        Info: Encoded state bit "crash_detect:player2_crash_detect|state.state_bit_0"
    Info: State "|LightCycles|crash_detect:player2_crash_detect|state.start" uses code string "00"
    Info: State "|LightCycles|crash_detect:player2_crash_detect|state.check" uses code string "01"
    Info: State "|LightCycles|crash_detect:player2_crash_detect|state.crash" uses code string "11"
Info: Selected Minimal Bits state machine encoding method for state machine "|LightCycles|crash_detect:player1_crash_detect|state"
Info: Encoding result for state machine "|LightCycles|crash_detect:player1_crash_detect|state"
    Info: Completed encoding using 2 state bits
        Info: Encoded state bit "crash_detect:player1_crash_detect|state.state_bit_1"
        Info: Encoded state bit "crash_detect:player1_crash_detect|state.state_bit_0"
    Info: State "|LightCycles|crash_detect:player1_crash_detect|state.start" uses code string "00"
    Info: State "|LightCycles|crash_detect:player1_crash_detect|state.check" uses code string "01"
    Info: State "|LightCycles|crash_detect:player1_crash_detect|state.crash" uses code string "10"
Info: Selected Minimal Bits state machine encoding method for state machine "|LightCycles|player_velocity_control:player2_velocity|speed:speedal|State"
Info: Encoding result for state machine "|LightCycles|player_velocity_control:player2_velocity|speed:speedal|State"
    Info: Completed encoding using 2 state bits
        Info: Encoded state bit "player_velocity_control:player2_velocity|speed:speedal|State.state_bit_1"
        Info: Encoded state bit "player_velocity_control:player2_velocity|speed:speedal|State.state_bit_0"
    Info: State "|LightCycles|player_velocity_control:player2_velocity|speed:speedal|State.stop" uses code string "00"
    Info: State "|LightCycles|player_velocity_control:player2_velocity|speed:speedal|State.const" uses code string "01"
    Info: State "|LightCycles|player_velocity_control:player2_velocity|speed:speedal|State.accelerate" uses code string "11"
    Info: State "|LightCycles|player_velocity_control:player2_velocity|speed:speedal|State.decelerate" uses code string "10"
Info: Selected Minimal Bits state machine encoding method for state machine "|LightCycles|player_velocity_control:player1_velocity|speed:speedal|State"
Info: Encoding result for state machine "|LightCycles|player_velocity_control:player1_velocity|speed:speedal|State"
    Info: Completed encoding using 2 state bits
        Info: Encoded state bit "player_velocity_control:player1_velocity|speed:speedal|State.state_bit_1"
        Info: Encoded state bit "player_velocity_control:player1_velocity|speed:speedal|State.state_bit_0"
    Info: State "|LightCycles|player_velocity_control:player1_velocity|speed:speedal|State.stop" uses code string "00"
    Info: State "|LightCycles|player_velocity_control:player1_velocity|speed:speedal|State.const" uses code string "01"
    Info: State "|LightCycles|player_velocity_control:player1_velocity|speed:speedal|State.accelerate" uses code string "11"
    Info: State "|LightCycles|player_velocity_control:player1_velocity|speed:speedal|State.decelerate" uses code string "10"
Info: Selected Minimal Bits state machine encoding method for state machine "|LightCycles|game_control:gameplay|state"
Info: Cannot use minimal number of bits to encode state machine "|LightCycles|game_control:gameplay|state"
Info: Encoding result for state machine "|LightCycles|game_control:gameplay|state"
    Info: Completed encoding using 4 state bits
        Info: Encoded state bit "game_control:gameplay|state.state_bit_3"
        Info: Encoded state bit "game_control:gameplay|state.state_bit_2"
        Info: Encoded state bit "game_control:gameplay|state.state_bit_1"
        Info: Encoded state bit "game_control:gameplay|state.state_bit_0"
    Info: State "|LightCycles|game_control:gameplay|state.menu" uses code string "0000"
    Info: State "|LightCycles|game_control:gameplay|state.start" uses code string "0001"
    Info: State "|LightCycles|game_control:gameplay|state.round" uses code string "0010"
    Info: State "|LightCycles|game_control:gameplay|state.play1crash" uses code string "0011"
    Info: State "|LightCycles|game_control:gameplay|state.bothcrash" uses code string "0100"
    Info: State "|LightCycles|game_control:gameplay|state.play2crash" uses code string "0101"
    Info: State "|LightCycles|game_control:gameplay|state.checklives" uses code string "0110"
    Info: State "|LightCycles|game_control:gameplay|state.play1win" uses code string "0111"
    Info: State "|LightCycles|game_control:gameplay|state.play2win" uses code string "1000"
    Info: State "|LightCycles|game_control:gameplay|state.bothlose" uses code string "1001"
Warning (14130): Reduced register "crash_detect:player2_crash_detect|state.state_bit_1" with stuck data_in port to stuck value GND
Info: Duplicate registers merged to single register
    Info (13350): Duplicate register "player_velocity_control:player2_velocity|speed:speedal|reg_10:reg_10A|reg_value[9]" merged to single register "player_velocity_control:player1_velocity|speed:speedal|reg_10:reg_10A|reg_value[9]"
    Info (13350): Duplicate register "player_velocity_control:player2_velocity|speed:speedal|reg_10:reg_10A|reg_value[8]" merged to single register "player_velocity_control:player1_velocity|speed:speedal|reg_10:reg_10A|reg_value[8]"
    Info (13350): Duplicate register "player_velocity_control:player2_velocity|speed:speedal|reg_10:reg_10A|reg_value[7]" merged to single register "player_velocity_control:player1_velocity|speed:speedal|reg_10:reg_10A|reg_value[7]"
    Info (13350): Duplicate register "player_velocity_control:player2_velocity|speed:speedal|reg_10:reg_10A|reg_value[6]" merged to single register "player_velocity_control:player1_velocity|speed:speedal|reg_10:reg_10A|reg_value[6]"
    Info (13350): Duplicate register "player_velocity_control:player2_velocity|speed:speedal|reg_10:reg_10A|reg_value[5]" merged to single register "player_velocity_control:player1_velocity|speed:speedal|reg_10:reg_10A|reg_value[5]"
    Info (13350): Duplicate register "player_velocity_control:player2_velocity|speed:speedal|reg_10:reg_10A|reg_value[4]" merged to single register "player_velocity_control:player1_velocity|speed:speedal|reg_10:reg_10A|reg_value[4]"
    Info (13350): Duplicate register "player_velocity_control:player2_velocity|speed:speedal|reg_10:reg_10A|reg_value[3]" merged to single register "player_velocity_control:player1_velocity|speed:speedal|reg_10:reg_10A|reg_value[3]"
    Info (13350): Duplicate register "player_velocity_control:player2_velocity|speed:speedal|reg_10:reg_10A|reg_value[2]" merged to single register "player_velocity_control:player1_velocity|speed:speedal|reg_10:reg_10A|reg_value[2]"
    Info (13350): Duplicate register "player_velocity_control:player2_velocity|speed:speedal|reg_10:reg_10A|reg_value[1]" merged to single register "player_velocity_control:player1_velocity|speed:speedal|reg_10:reg_10A|reg_value[1]"
    Info (13350): Duplicate register "player_velocity_control:player2_velocity|speed:speedal|reg_10:reg_10A|reg_value[0]" merged to single register "player_velocity_control:player1_velocity|speed:speedal|reg_10:reg_10A|reg_value[0]"
Info: Inferred 2 megafunctions from design logic
    Info: Inferred altshift_taps megafunction from the following design logic: "keyboard:keyboard_entity|reg_11:regA|reg_value[0]~102"
        Info: Parameter NUMBER_OF_TAPS set to 1
        Info: Parameter TAP_DISTANCE set to 4
        Info: Parameter WIDTH set to 1
    Info: Inferred altshift_taps megafunction from the following design logic: "keyboard:keyboard_entity|reg_11:regA|reg_value[10]~103"
        Info: Parameter NUMBER_OF_TAPS set to 1
        Info: Parameter TAP_DISTANCE set to 3
        Info: Parameter WIDTH set to 1
Info: Elaborated megafunction instantiation "keyboard:keyboard_entity|reg_11:regA|altshift_taps:reg_value_rtl_0"
Info: Instantiated megafunction "keyboard:keyboard_entity|reg_11:regA|altshift_taps:reg_value_rtl_0" with the following parameter:
    Info: Parameter "NUMBER_OF_TAPS" = "1"
    Info: Parameter "TAP_DISTANCE" = "4"
    Info: Parameter "WIDTH" = "1"
Info: Found 1 design units, including 1 entities, in source file db/shift_taps_kvm.tdf
    Info: Found entity 1: shift_taps_kvm
Info: Found 1 design units, including 1 entities, in source file db/altsyncram_upa1.tdf
    Info: Found entity 1: altsyncram_upa1
Info: Found 1 design units, including 1 entities, in source file db/cntr_ikf.tdf
    Info: Found entity 1: cntr_ikf
Info: Found 1 design units, including 1 entities, in source file db/cntr_94h.tdf
    Info: Found entity 1: cntr_94h
Info: Elaborated megafunction instantiation "keyboard:keyboard_entity|reg_11:regA|altshift_taps:reg_value_rtl_1"
Info: Instantiated megafunction "keyboard:keyboard_entity|reg_11:regA|altshift_taps:reg_value_rtl_1" with the following parameter:
    Info: Parameter "NUMBER_OF_TAPS" = "1"
    Info: Parameter "TAP_DISTANCE" = "3"
    Info: Parameter "WIDTH" = "1"
Info: Found 1 design units, including 1 entities, in source file db/shift_taps_jvm.tdf
    Info: Found entity 1: shift_taps_jvm
Info: Found 1 design units, including 1 entities, in source file db/altsyncram_3161.tdf
    Info: Found entity 1: altsyncram_3161
Info: Found 1 design units, including 1 entities, in source file db/add_sub_gvd.tdf
    Info: Found entity 1: add_sub_gvd
Info: Found 1 design units, including 1 entities, in source file db/cntr_kkf.tdf
    Info: Found entity 1: cntr_kkf
Info: Found 1 design units, including 1 entities, in source file db/cntr_74h.tdf
    Info: Found entity 1: cntr_74h
Info: Resynthesizing 0 WYSIWYG logic cells and I/Os using "area" technology mapper which leaves 0 WYSIWYG logic cells and I/Os untouched
Info: Registers with preset signals will power-up high
Info: DEV_CLRn pin will set, and not reset, register with preset signal due to NOT Gate Push-Back
Info: Duplicate registers merged to single register
    Info (13350): Duplicate register "player_velocity_control:player2_velocity|direction:directional|State.left" merged to single register "player_velocity_control:player2_velocity|direction:directional|State.up"
Warning: Output pins are stuck at VCC or GND
    Warning (13410): Pin "sync" is stuck at GND
    Warning (13410): Pin "HEX4[1]" is stuck at GND
    Warning (13410): Pin "HEX5[1]" is stuck at GND
Critical Warning: Ignored Power-Up Level option on the following registers
    Critical Warning: Register player_velocity_control:player1_velocity|direction:directional|State.up will power up to Low
    Critical Warning: Register player_velocity_control:player1_velocity|direction:directional|State.right will power up to High
    Critical Warning: Register player_velocity_control:player2_velocity|direction:directional|State.up will power up to Low
Info: 3 registers lost all their fanouts during netlist optimizations. The first 3 are displayed below.
    Info: Register "crash_detect:player2_crash_detect|state.state_bit_0" lost all its fanouts during netlist optimizations.
    Info: Register "player_velocity_control:player2_velocity|speed:speedal|State.state_bit_0" lost all its fanouts during netlist optimizations.
    Info: Register "player_velocity_control:player2_velocity|speed:speedal|State.state_bit_1" lost all its fanouts during netlist optimizations.
Info: Implemented 29732 device resources after synthesis - the final resource count might be different
    Info: Implemented 4 input pins
    Info: Implemented 64 output pins
    Info: Implemented 29662 logic cells
    Info: Implemented 2 RAM segments
Info: Quartus II Analysis & Synthesis was successful. 0 errors, 65 warnings
    Info: Peak virtual memory: 288 megabytes
    Info: Processing ended: Fri Jul 25 03:46:24 2008
    Info: Elapsed time: 01:16:19
    Info: Total CPU time (on all processors): 01:16:03


